// Jest Snapshot v1, https://goo.gl/fbAQLP

exports[`Pruebas a <GifItem/> debe evualuar Snapshot 1`] = `
<div>
  <div
    class="card"
  >
    <img
      alt="Hola Mundo"
      src="https://youtube.com/img.png"
    />
    <p>
      Hola Mundo
    </p>
  </div>
</div>
`;
